[2026-08-12T20:05:27.156] [DEBUG] debug-file - session manager: set active socket. socketId=uPtNH_Fn5UkD-99iAAAh
[2026-08-12T20:05:27.157] [DEBUG] debug-file - watch worker: worker id should be larger than 0. Nothing will be sent to any worker thread.
[2026-08-12T20:05:27.159] [DEBUG] debug-file - Workers' log level updated to INFO
[2026-08-12T20:05:27.160] [DEBUG] debug-file - Hvigor init with startParameters:{
  hvigorfileTypeCheck: false,
  parallelExecution: true,
  incrementalExecution: true,
  printStackTrace: false,
  daemon: true,
  analyze: 0,
  logLevel: Level { level: 20000, levelStr: 'INFO', colour: 'green' },
  optimizationStrategy: 'memory',
  hotCompile: undefined,
  hotReloadBuild: undefined,
  customizedParam: undefined
}
[2026-08-12T20:05:27.160] [DEBUG] debug-file - Since current hvigor version 6.24.4 differs from last hvigor version 
      undefined, delete file-cache.json and task-cache.json.
[2026-08-12T20:05:27.160] [DEBUG] debug-file - Cache service initialization finished in 1 ms 
[2026-08-12T20:05:27.160] [DEBUG] debug-file - hvigorfile, resolving /Users/sheng/Documents/HarmosDemo/hvigorfile.ts
[2026-08-12T20:05:27.163] [DEBUG] debug-file - hvigorfile, require result:  { default: { plugins: [] } }
[2026-08-12T20:05:27.163] [DEBUG] debug-file - hvigorfile, binding system plugins null
[2026-08-12T20:05:27.163] [DEBUG] debug-file - Starting plugin build process
[2026-08-12T20:05:27.163] [DEBUG] debug-file - App plugin prepare start...
[2026-08-12T20:05:27.164] [DEBUG] debug-file - App plugin prepare end...
[2026-08-12T20:05:27.164] [DEBUG] debug-file - App plugin creating...
[2026-08-12T20:05:27.165] [DEBUG] debug-file - App plugin register hook start...
[2026-08-12T20:05:27.165] [DEBUG] debug-file - App plugin register hook end...
[2026-08-12T20:05:27.165] [DEBUG] debug-file - Plugin build process completed
[2026-08-12T20:05:27.165] [DEBUG] debug-file - Start initialize project's product build option map with build mode debug.
[2026-08-12T20:05:27.165] [DEBUG] debug-file - Picking option from product 'default' with build mode 'debug'.
[2026-08-12T20:05:27.166] [DEBUG] debug-file - Product 'default' build option initialized
[2026-08-12T20:05:27.166] [DEBUG] debug-file - End initialize project's product build option map with build mode 'debug'.
[2026-08-12T20:05:27.166] [DEBUG] debug-file - Obtain build option for product 'default'in this build.
[2026-08-12T20:05:27.167] [DEBUG] debug-file - No signingConfig found, initRemoteHspCache failed.
[2026-08-12T20:05:27.168] [DEBUG] debug-file - Start recording SDK configuration permission data.
[2026-08-12T20:05:27.184] [DEBUG] debug-file - Sdk init in 17 ms 
[2026-08-12T20:05:27.185] [DEBUG] debug-file - Project task initialization takes 1 ms 
[2026-08-12T20:05:27.185] [DEBUG] debug-file - hvigorfile, begin to bind custom plugins...
[2026-08-12T20:05:27.185] [DEBUG] debug-file - hvigorfile, no custom plugins were found in /Users/sheng/Documents/HarmosDemo/hvigorfile.ts
[2026-08-12T20:05:27.185] [DEBUG] debug-file - hvigorfile, resolve finished /Users/sheng/Documents/HarmosDemo/hvigorfile.ts
[2026-08-12T20:05:27.185] [DEBUG] debug-file - hvigorfile, resolving /Users/sheng/Documents/HarmosDemo/entry/hvigorfile.ts
[2026-08-12T20:05:27.186] [DEBUG] debug-file - hvigorfile, require result:  { default: { plugins: [] } }
[2026-08-12T20:05:27.186] [DEBUG] debug-file - hvigorfile, binding system plugins null
[2026-08-12T20:05:27.186] [DEBUG] debug-file - Starting plugin build process
[2026-08-12T20:05:27.186] [DEBUG] debug-file - Hap plugin creating...
[2026-08-12T20:05:27.187] [DEBUG] debug-file - failed to load cangjie to dynamically generate schemas: Error: Cannot find module '@ohos/cangjie-build-support/index'
Require stack:
- /Applications/DevEco-Studio.app/Contents/tools/hvigor/hvigor-ohos-plugin/src/plugin/hooks/cangjie-register.js
- /Applications/DevEco-Studio.app/Contents/tools/hvigor/hvigor-ohos-plugin/src/plugin/strategy/stage-init-strategy.js
- /Applications/DevEco-Studio.app/Contents/tools/hvigor/hvigor-ohos-plugin/src/plugin/builder/abstract-plugin-builder.js
- /Applications/DevEco-Studio.app/Contents/tools/hvigor/hvigor-ohos-plugin/src/plugin/builder/app-plugin-builder.js
- /Applications/DevEco-Studio.app/Contents/tools/hvigor/hvigor-ohos-plugin/src/plugin/factory/plugin-factory.js
- /Applications/DevEco-Studio.app/Contents/tools/hvigor/hvigor-ohos-plugin/index.js
- /Users/sheng/Documents/HarmosDemo/hvigorfile.ts
- /Applications/DevEco-Studio.app/Contents/tools/hvigor/hvigor/src/base/internal/lifecycle/configuration.js
- /Applications/DevEco-Studio.app/Contents/tools/hvigor/hvigor/src/base/boot/index.js
- /Applications/DevEco-Studio.app/Contents/tools/hvigor/hvigor/src/base/daemon/cluster/worker-process-lifecycle.js
- /Applications/DevEco-Studio.app/Contents/tools/hvigor/hvigor/src/base/daemon/process/daemon-process-boot-script.js
[2026-08-12T20:05:27.187] [DEBUG] debug-file - Start initialize module-target build option map, moduleName=entry, buildMode=debug
[2026-08-12T20:05:27.187] [DEBUG] debug-file - Target 'default' config initialized
[2026-08-12T20:05:27.187] [DEBUG] debug-file - Target 'ohosTest' config initialized
[2026-08-12T20:05:27.187] [DEBUG] debug-file - Module 'entry' target 'default' build option initialized
[2026-08-12T20:05:27.187] [DEBUG] debug-file - Module 'entry' target 'ohosTest' build option initialized
[2026-08-12T20:05:27.188] [DEBUG] debug-file - End initialize module-target build option map, moduleName=entry
[2026-08-12T20:05:27.188] [DEBUG] debug-file - Start initialize module-target build option map, moduleName=entry, buildMode=release
[2026-08-12T20:05:27.188] [DEBUG] debug-file - Target 'default' config initialized
[2026-08-12T20:05:27.188] [DEBUG] debug-file - Target 'ohosTest' config initialized
[2026-08-12T20:05:27.188] [DEBUG] debug-file - Module 'entry' target 'default' build option initialized
[2026-08-12T20:05:27.188] [DEBUG] debug-file - Module 'entry' target 'ohosTest' build option initialized
[2026-08-12T20:05:27.188] [DEBUG] debug-file - End initialize module-target build option map, moduleName=entry
[2026-08-12T20:05:27.188] [DEBUG] debug-file - Start initialize module-target build option map, moduleName=entry, buildMode=debug
[2026-08-12T20:05:27.188] [DEBUG] debug-file - Target 'default' config initialized
[2026-08-12T20:05:27.188] [DEBUG] debug-file - Target 'ohosTest' config initialized
[2026-08-12T20:05:27.188] [DEBUG] debug-file - Module 'entry' target 'default' build option initialized
[2026-08-12T20:05:27.188] [DEBUG] debug-file - Module 'entry' target 'ohosTest' build option initialized
[2026-08-12T20:05:27.188] [DEBUG] debug-file - End initialize module-target build option map, moduleName=entry
[2026-08-12T20:05:27.188] [DEBUG] debug-file - Obtain build option for module 'entry' target 'default'in this build.
[2026-08-12T20:05:27.189] [DEBUG] debug-file - Module entry task initialization takes 1 ms 
[2026-08-12T20:05:27.189] [DEBUG] debug-file - Hap plugin register hook start...
[2026-08-12T20:05:27.189] [DEBUG] debug-file - Hap plugin register hook end...
[2026-08-12T20:05:27.189] [DEBUG] debug-file - Plugin build process completed
[2026-08-12T20:05:27.189] [DEBUG] debug-file - hvigorfile, begin to bind custom plugins...
[2026-08-12T20:05:27.189] [DEBUG] debug-file - hvigorfile, no custom plugins were found in /Users/sheng/Documents/HarmosDemo/entry/hvigorfile.ts
[2026-08-12T20:05:27.189] [DEBUG] debug-file - hvigorfile, resolve finished /Users/sheng/Documents/HarmosDemo/entry/hvigorfile.ts
[2026-08-12T20:05:27.228] [DEBUG] debug-file - hvigorfile, resolve hvigorfile dependencies in 39 ms 
[2026-08-12T20:05:27.228] [DEBUG] debug-file - project has submodules:entry
[2026-08-12T20:05:27.228] [DEBUG] debug-file - start to load updatedOhPackageInfo to the disk
[2026-08-12T20:05:27.229] [DEBUG] debug-file - load to the disk finished
[2026-08-12T20:05:27.229] [DEBUG] debug-file - Start to initialize dependency information.
[2026-08-12T20:05:27.230] [DEBUG] debug-file - Module HarmosDemo Collected Dependency: 
[2026-08-12T20:05:27.230] [DEBUG] debug-file - Module HarmosDemo's total dependency: 0
[2026-08-12T20:05:27.230] [DEBUG] debug-file - Start to initialize dependency information.
[2026-08-12T20:05:27.230] [DEBUG] debug-file - Module entry Collected Dependency: 
[2026-08-12T20:05:27.230] [DEBUG] debug-file - Module entry's total dependency: 0
[2026-08-12T20:05:27.231] [DEBUG] debug-file - Configuration phase cost:71 ms 
[2026-08-12T20:05:27.231] [DEBUG] debug-file - Configuration task cost before running: 73 ms 
[2026-08-12T20:05:27.231] [DEBUG] debug-file - Executing task :entry:clean
[2026-08-12T20:05:27.231] [DEBUG] debug-file - clean: Start terminating worker pool.
[2026-08-12T20:05:27.231] [DEBUG] debug-file - Current worker pool is stopped or closed.
[2026-08-12T20:05:27.231] [DEBUG] debug-file - Clear worker 4.
[2026-08-12T20:05:27.231] [DEBUG] debug-file - Worker 4 has been cleared.
[2026-08-12T20:05:27.232] [DEBUG] debug-file - Current idle worker size: 0.
[2026-08-12T20:05:27.232] [DEBUG] debug-file - Current busy worker size: 0.
[2026-08-12T20:05:27.244] [DEBUG] debug-file - Current worker pool is terminated.
[2026-08-12T20:05:27.244] [DEBUG] debug-file - clean: Terminating worker pool finished.
[2026-08-12T20:05:27.244] [DEBUG] debug-file - entry : clean cost memory -1.1129302978515625
[2026-08-12T20:05:27.244] [DEBUG] debug-file - runTaskFromQueue task cost before running: 86 ms 
[2026-08-12T20:05:27.245] [INFO] debug-file - Finished :entry:clean... after 14 ms 
[2026-08-12T20:05:27.245] [DEBUG] debug-file - Executing task ::clean
[2026-08-12T20:05:27.245] [DEBUG] debug-file - clean: Worker pool is inactive.
[2026-08-12T20:05:27.245] [DEBUG] debug-file - HarmosDemo : clean cost memory 0.02407073974609375
[2026-08-12T20:05:27.245] [DEBUG] debug-file - runTaskFromQueue task cost before running: 86 ms 
[2026-08-12T20:05:27.245] [INFO] debug-file - Finished ::clean... after 1 ms 
[2026-08-12T20:05:27.245] [DEBUG] debug-file - Executing task :entry:init
[2026-08-12T20:05:27.245] [DEBUG] debug-file - entry : init cost memory 0.014251708984375
[2026-08-12T20:05:27.245] [DEBUG] debug-file - runTaskFromQueue task cost before running: 87 ms 
[2026-08-12T20:05:27.245] [INFO] debug-file - Finished :entry:init... after 1 ms 
[2026-08-12T20:05:27.245] [DEBUG] debug-file - Executing task ::init
[2026-08-12T20:05:27.245] [DEBUG] debug-file - HarmosDemo : init cost memory 0.013427734375
[2026-08-12T20:05:27.245] [DEBUG] debug-file - runTaskFromQueue task cost before running: 87 ms 
[2026-08-12T20:05:27.245] [INFO] debug-file - Finished ::init... after 1 ms 
[2026-08-12T20:05:27.246] [DEBUG] debug-file - Obtain build option for module 'entry' target 'default'in this build.
[2026-08-12T20:05:27.246] [DEBUG] debug-file - Obtain build option for module 'entry' target 'ohosTest'in this build.
[2026-08-12T20:05:27.248] [DEBUG] debug-file - worker[4] exits with exit code 1.
[2026-08-12T20:05:27.248] [DEBUG] debug-file - Since there is no instance or instance is terminated, create a new worker pool.
[2026-08-12T20:05:27.249] [DEBUG] debug-file - Worker pool is initialized with config:  {
  minPoolNum: 2,
  maxPoolNum: undefined,
  maxCoreSize: undefined,
  cacheCapacity: undefined,
  cacheTtl: undefined
}
[2026-08-12T20:05:27.249] [DEBUG] debug-file - Create  resident worker with id: 0.
[2026-08-12T20:05:27.249] [DEBUG] debug-file - Create  resident worker with id: 1.
[2026-08-12T20:05:27.250] [DEBUG] debug-file - Cleanup worker 0.
[2026-08-12T20:05:27.250] [DEBUG] debug-file - Worker 0 has been cleaned up.
[2026-08-12T20:05:27.250] [DEBUG] debug-file - Current idle worker size: 1.
[2026-08-12T20:05:27.250] [DEBUG] debug-file - Current resident worker size: 2.
[2026-08-12T20:05:27.250] [DEBUG] debug-file - Cleanup worker 1.
[2026-08-12T20:05:27.250] [DEBUG] debug-file - Worker 1 has been cleaned up.
[2026-08-12T20:05:27.250] [DEBUG] debug-file - Current idle worker size: 0.
[2026-08-12T20:05:27.250] [DEBUG] debug-file - Current resident worker size: 2.
[2026-08-12T20:05:27.250] [DEBUG] debug-file - hvigor build process will be closed.
[2026-08-12T20:05:27.252] [DEBUG] debug-file - worker[0] exits with exit code 0.
[2026-08-12T20:05:27.253] [DEBUG] debug-file - worker[1] exits with exit code 0.
[2026-08-12T20:05:27.262] [DEBUG] debug-file - session manager: send message to worker process.
[2026-08-12T20:05:27.262] [DEBUG] debug-file - session manager: send message to worker process.
[2026-08-12T20:05:27.262] [DEBUG] debug-file - watch worker: worker id should be larger than 0. Nothing will be sent to any worker thread.
[2026-08-12T20:05:27.262] [DEBUG] debug-file - watch worker: worker id should be larger than 0. Nothing will be sent to any worker thread.
